Tax Dossier PDF Structure
pdfVersion: %PDF-1.4
pageCount: 13
encrypted: False
logicalStructureSha256: 54540c91b2020bc6fa0fbe4ca55b676c06752fdd6de264e95dac01e5e5e9e047
logicalSectionTitles:
- Table of Contents
- Executive Summary
- Ledger Integrity
- Binance Reconciliation
- Source Documents
- Portfolio Composition
- Movement Timeline
- RW Draft
- RW8 Draft
- Validation And Missing Inputs
- Accountant Checklist
- Technical Appendix
